2025-11-06 16:00:06,822 INFO o.a.j.u.JMeterUtils: Setting Locale to en_EN
2025-11-06 16:00:06,832 INFO o.a.j.JMeter: Loading user properties from: /Users/adamogorodnik/Downloads/apache-jmeter-5.6.3/bin/user.properties
2025-11-06 16:00:06,832 INFO o.a.j.JMeter: Loading system properties from: /Users/adamogorodnik/Downloads/apache-jmeter-5.6.3/bin/system.properties
2025-11-06 16:00:06,835 INFO o.a.j.JMeter: Copyright (c) 1998-2024 The Apache Software Foundation
2025-11-06 16:00:06,835 INFO o.a.j.JMeter: Version 5.6.3
2025-11-06 16:00:06,835 INFO o.a.j.JMeter: java.version=21.0.5
2025-11-06 16:00:06,835 INFO o.a.j.JMeter: java.vm.name=Java HotSpot(TM) 64-Bit Server VM
2025-11-06 16:00:06,835 INFO o.a.j.JMeter: os.name=Mac OS X
2025-11-06 16:00:06,835 INFO o.a.j.JMeter: os.arch=aarch64
2025-11-06 16:00:06,835 INFO o.a.j.JMeter: os.version=26.0.1
2025-11-06 16:00:06,835 INFO o.a.j.JMeter: file.encoding=UTF-8
2025-11-06 16:00:06,835 INFO o.a.j.JMeter: java.awt.headless=true
2025-11-06 16:00:06,835 INFO o.a.j.JMeter: Max memory     =1073741824
2025-11-06 16:00:06,836 INFO o.a.j.JMeter: Available Processors =8
2025-11-06 16:00:06,840 INFO o.a.j.JMeter: Default Locale=English (EN)
2025-11-06 16:00:06,840 INFO o.a.j.JMeter: JMeter  Locale=English (EN)
2025-11-06 16:00:06,840 INFO o.a.j.JMeter: JMeterHome=/Users/adamogorodnik/Downloads/apache-jmeter-5.6.3
2025-11-06 16:00:06,840 INFO o.a.j.JMeter: user.dir  =/Users/adamogorodnik/IdeaProjects/4AT_31/4AT/task18
2025-11-06 16:00:06,840 INFO o.a.j.JMeter: PWD       =/Users/adamogorodnik/IdeaProjects/4AT_31/4AT/task18
2025-11-06 16:00:06,844 INFO o.a.j.JMeter: IP: 127.0.0.1 Name: MacBook-Pro-Adam.local FullName: localhost
2025-11-06 16:00:06,850 INFO o.a.j.JMeter: Setting property 'jmeter.reportgenerator.outputdir' to:'/Users/adamogorodnik/IdeaProjects/4AT_31/4AT/task18/report'
2025-11-06 16:00:06,852 INFO o.a.j.r.d.ReportGenerator: ReportGenerator will use for Parsing the separator: ','
2025-11-06 16:00:06,852 INFO o.a.j.r.d.ReportGenerator: Will only generate report from results file: summary.csv
2025-11-06 16:00:06,852 INFO o.a.j.r.d.ReportGenerator: Reading report generator properties from: /Users/adamogorodnik/Downloads/apache-jmeter-5.6.3/bin/reportgenerator.properties
2025-11-06 16:00:06,853 INFO o.a.j.r.d.ReportGenerator: Merging with JMeter properties
2025-11-06 16:00:06,854 INFO o.a.j.r.c.ReportGeneratorConfiguration: Property 'jmeter.reportgenerator.temp_dir' not found, using default value 'temp' instead.
2025-11-06 16:00:06,856 INFO o.a.j.r.c.ReportGeneratorConfiguration: Property 'jmeter.reportgenerator.apdex_per_transaction' not found, using default value 'null' instead.
2025-11-06 16:00:06,861 INFO o.a.j.r.c.ReportGeneratorConfiguration: apdex_per_transaction is empty, not APDEX per transaction customization
2025-11-06 16:00:06,861 INFO o.a.j.r.c.ReportGeneratorConfiguration: Property 'jmeter.reportgenerator.sample_filter' not found, using default value 'null' instead.
2025-11-06 16:00:06,861 INFO o.a.j.r.c.ReportGeneratorConfiguration: Property 'jmeter.reportgenerator.report_title' not found, using default value 'null' instead.
2025-11-06 16:00:06,861 INFO o.a.j.r.c.ReportGeneratorConfiguration: Property 'jmeter.reportgenerator.start_date' not found, using default value 'null' instead.
2025-11-06 16:00:06,861 INFO o.a.j.r.c.ReportGeneratorConfiguration: Property 'jmeter.reportgenerator.end_date' not found, using default value 'null' instead.
2025-11-06 16:00:06,861 INFO o.a.j.r.c.ReportGeneratorConfiguration: Property 'jmeter.reportgenerator.date_format' not found, using default value 'null' instead.
2025-11-06 16:00:06,861 INFO o.a.j.r.c.ReportGeneratorConfiguration: Will use date range start date: null, end date: null
2025-11-06 16:00:06,863 INFO o.a.j.r.c.ReportGeneratorConfiguration: Property 'jmeter.reportgenerator.graph.totalTPS.exclude_controllers' not found, using default value 'false' instead.
2025-11-06 16:00:06,863 INFO o.a.j.r.c.ReportGeneratorConfiguration: Property 'jmeter.reportgenerator.graph.activeThreadsOverTime.exclude_controllers' not found, using default value 'false' instead.
2025-11-06 16:00:06,863 INFO o.a.j.r.c.ReportGeneratorConfiguration: Property 'jmeter.reportgenerator.graph.timeVsThreads.exclude_controllers' not found, using default value 'false' instead.
2025-11-06 16:00:06,863 INFO o.a.j.r.c.ReportGeneratorConfiguration: Property 'jmeter.reportgenerator.graph.responseTimeDistribution.exclude_controllers' not found, using default value 'false' instead.
2025-11-06 16:00:06,863 INFO o.a.j.r.c.ReportGeneratorConfiguration: Property 'jmeter.reportgenerator.graph.transactionsPerSecond.exclude_controllers' not found, using default value 'false' instead.
2025-11-06 16:00:06,863 INFO o.a.j.r.c.ReportGeneratorConfiguration: Property 'jmeter.reportgenerator.graph.responseTimePercentiles.exclude_controllers' not found, using default value 'false' instead.
2025-11-06 16:00:06,863 INFO o.a.j.r.c.ReportGeneratorConfiguration: Property 'jmeter.reportgenerator.graph.responseTimePercentilesOverTime.exclude_controllers' not found, using default value 'false' instead.
2025-11-06 16:00:06,863 INFO o.a.j.r.c.ReportGeneratorConfiguration: Property 'jmeter.reportgenerator.graph.responseTimesOverTime.exclude_controllers' not found, using default value 'false' instead.
2025-11-06 16:00:06,863 INFO o.a.j.r.c.ReportGeneratorConfiguration: Property 'jmeter.reportgenerator.graph.connectTimeOverTime.exclude_controllers' not found, using default value 'false' instead.
2025-11-06 16:00:06,863 INFO o.a.j.r.c.ReportGeneratorConfiguration: Property 'jmeter.reportgenerator.graph.latenciesOverTime.exclude_controllers' not found, using default value 'false' instead.
2025-11-06 16:00:06,864 INFO o.a.j.r.c.ReportGeneratorConfiguration: Property 'jmeter.reportgenerator.exporter.json.filters_only_sample_series' not found, using default value 'true' instead.
2025-11-06 16:00:06,864 INFO o.a.j.r.c.ReportGeneratorConfiguration: Property 'jmeter.reportgenerator.exporter.json.series_filter' not found, using default value '' instead.
2025-11-06 16:00:06,864 INFO o.a.j.r.c.ReportGeneratorConfiguration: Property 'jmeter.reportgenerator.exporter.json.show_controllers_only' not found, using default value 'false' instead.
2025-11-06 16:00:06,864 INFO o.a.j.r.c.ReportGeneratorConfiguration: Property 'jmeter.reportgenerator.exporter.html.filters_only_sample_series' not found, using default value 'true' instead.
2025-11-06 16:00:06,864 INFO o.a.j.r.c.ReportGeneratorConfiguration: Property 'jmeter.reportgenerator.exporter.html.series_filter' not found, using default value '' instead.
2025-11-06 16:00:06,864 INFO o.a.j.r.c.ReportGeneratorConfiguration: Property 'jmeter.reportgenerator.exporter.html.show_controllers_only' not found, using default value 'false' instead.
2025-11-06 16:00:06,938 INFO o.a.j.s.SaveService: Testplan (JMX) version: 2.2. Testlog (JTL) version: 2.2
2025-11-06 16:00:06,955 INFO o.a.j.s.SaveService: Using SaveService properties version 5.0
2025-11-06 16:00:06,956 INFO o.a.j.s.SaveService: Using SaveService properties file encoding UTF-8
2025-11-06 16:00:06,967 INFO o.a.j.r.p.NormalizerSampleConsumer: Using format, 'ms', to parse timeStamp field
2025-11-06 16:00:06,996 INFO o.a.j.r.p.AbstractSampleConsumer: class org.apache.jmeter.report.processor.AggregateConsumer#stopProducing(): beginDate produced 0 samples
2025-11-06 16:00:06,996 INFO o.a.j.r.p.AbstractSampleConsumer: class org.apache.jmeter.report.processor.AggregateConsumer#stopProducing(): endDate produced 0 samples
2025-11-06 16:00:06,996 INFO o.a.j.r.p.AbstractSampleConsumer: class org.apache.jmeter.report.processor.ApdexSummaryConsumer#stopProducing(): apdexSummary produced 0 samples
2025-11-06 16:00:06,996 INFO o.a.j.r.p.AbstractSampleConsumer: class org.apache.jmeter.report.processor.RequestsSummaryConsumer#stopProducing(): requestsSummary produced 0 samples
2025-11-06 16:00:06,998 INFO o.a.j.r.p.AbstractSampleConsumer: class org.apache.jmeter.report.processor.StatisticsSummaryConsumer#stopProducing(): statisticsSummary produced 0 samples
2025-11-06 16:00:06,999 INFO o.a.j.r.p.AbstractSampleConsumer: class org.apache.jmeter.report.processor.Top5ErrorsBySamplerConsumer#stopProducing(): top5ErrorsBySampler produced 0 samples
2025-11-06 16:00:06,999 INFO o.a.j.r.p.AbstractSampleConsumer: class org.apache.jmeter.report.processor.ErrorsSummaryConsumer#stopProducing(): errorsSummary produced 0 samples
2025-11-06 16:00:06,999 INFO o.a.j.r.p.AbstractSampleConsumer: class org.apache.jmeter.report.processor.graph.impl.HitsPerSecondGraphConsumer#stopProducing(): hitsPerSecond produced 0 samples
2025-11-06 16:00:07,006 INFO o.a.j.r.p.AbstractSampleConsumer: class org.apache.jmeter.report.processor.graph.impl.LatencyVSRequestGraphConsumer#stopProducing(): latencyVsRequest produced 0 samples
2025-11-06 16:00:07,006 INFO o.a.j.r.p.AbstractSampleConsumer: class org.apache.jmeter.report.processor.graph.impl.SyntheticResponseTimeDistributionGraphConsumer#stopProducing(): syntheticResponseTimeDistribution produced 0 samples
2025-11-06 16:00:07,006 INFO o.a.j.r.p.AbstractSampleConsumer: class org.apache.jmeter.report.processor.graph.impl.BytesThroughputGraphConsumer#stopProducing(): bytesThroughputOverTime produced 0 samples
2025-11-06 16:00:07,007 INFO o.a.j.r.p.AbstractSampleConsumer: class org.apache.jmeter.report.processor.graph.impl.CodesPerSecondGraphConsumer#stopProducing(): codesPerSecond produced 0 samples
2025-11-06 16:00:07,008 INFO o.a.j.r.p.AbstractSampleConsumer: class org.apache.jmeter.report.processor.graph.impl.ResponseTimeVSRequestGraphConsumer#stopProducing(): responseTimeVsRequest produced 0 samples
2025-11-06 16:00:07,008 INFO o.a.j.r.p.AbstractSampleConsumer: class org.apache.jmeter.report.processor.FilterConsumer#stopProducing(): startIntervalControlerFilter produced 560 samples
2025-11-06 16:00:07,008 INFO o.a.j.r.p.AbstractSampleConsumer: class org.apache.jmeter.report.processor.graph.impl.TotalTPSGraphConsumer#stopProducing(): totalTPS produced 0 samples
2025-11-06 16:00:07,009 INFO o.a.j.r.p.AbstractSampleConsumer: class org.apache.jmeter.report.processor.graph.impl.ActiveThreadsGraphConsumer#stopProducing(): activeThreadsOverTime produced 0 samples
2025-11-06 16:00:07,009 INFO o.a.j.r.p.AbstractSampleConsumer: class org.apache.jmeter.report.processor.graph.impl.TimeVSThreadGraphConsumer#stopProducing(): timeVsThreads produced 0 samples
2025-11-06 16:00:07,009 INFO o.a.j.r.p.AbstractSampleConsumer: class org.apache.jmeter.report.processor.graph.impl.ResponseTimeDistributionGraphConsumer#stopProducing(): responseTimeDistribution produced 0 samples
2025-11-06 16:00:07,009 INFO o.a.j.r.p.AbstractSampleConsumer: class org.apache.jmeter.report.processor.graph.impl.TransactionsPerSecondGraphConsumer#stopProducing(): transactionsPerSecond produced 0 samples
2025-11-06 16:00:07,009 INFO o.a.j.r.p.AbstractSampleConsumer: class org.apache.jmeter.report.processor.graph.impl.ResponseTimePercentilesGraphConsumer#stopProducing(): responseTimePercentiles produced 0 samples
2025-11-06 16:00:07,012 INFO o.a.j.r.p.AbstractSampleConsumer: class org.apache.jmeter.report.processor.graph.impl.ResponseTimePercentilesOverTimeGraphConsumer#stopProducing(): responseTimePercentilesOverTime produced 0 samples
2025-11-06 16:00:07,012 INFO o.a.j.r.p.AbstractSampleConsumer: class org.apache.jmeter.report.processor.graph.impl.ResponseTimeOverTimeGraphConsumer#stopProducing(): responseTimesOverTime produced 0 samples
2025-11-06 16:00:07,013 INFO o.a.j.r.p.AbstractSampleConsumer: class org.apache.jmeter.report.processor.graph.impl.ConnectTimeOverTimeGraphConsumer#stopProducing(): connectTimeOverTime produced 0 samples
2025-11-06 16:00:07,013 INFO o.a.j.r.p.AbstractSampleConsumer: class org.apache.jmeter.report.processor.graph.impl.LatencyOverTimeGraphConsumer#stopProducing(): latenciesOverTime produced 0 samples
2025-11-06 16:00:07,013 INFO o.a.j.r.p.AbstractSampleConsumer: class org.apache.jmeter.report.processor.FilterConsumer#stopProducing(): nameFilter produced 1200 samples
2025-11-06 16:00:07,013 INFO o.a.j.r.p.AbstractSampleConsumer: class org.apache.jmeter.report.processor.FilterConsumer#stopProducing(): dateRangeFilter produced 240 samples
2025-11-06 16:00:07,013 INFO o.a.j.r.p.AbstractSampleConsumer: class org.apache.jmeter.report.processor.NormalizerSampleConsumer#stopProducing(): normalizer produced 80 samples
2025-11-06 16:00:07,013 INFO o.a.j.r.p.CsvFileSampleSource: produce(): 80 samples produced in 37ms on channel 0
2025-11-06 16:00:07,013 INFO o.a.j.r.d.ReportGenerator: Exporting data using exporter:'json' of className:'org.apache.jmeter.report.dashboard.JsonExporter'
2025-11-06 16:00:07,042 INFO o.a.j.r.d.JsonExporter: Found data for consumer statisticsSummary in context
2025-11-06 16:00:07,043 INFO o.a.j.r.d.JsonExporter: Creating statistics for overall
2025-11-06 16:00:07,043 INFO o.a.j.r.d.JsonExporter: Creating statistics for other transactions
2025-11-06 16:00:07,043 INFO o.a.j.r.d.JsonExporter: Checking output folder
2025-11-06 16:00:07,043 INFO o.a.j.r.d.JsonExporter: Writing statistics JSON to /Users/adamogorodnik/IdeaProjects/4AT_31/4AT/task18/report/statistics.json
2025-11-06 16:00:07,058 INFO o.a.j.r.d.ReportGenerator: Exporting data using exporter:'html' of className:'org.apache.jmeter.report.dashboard.HtmlTemplateExporter'
2025-11-06 16:00:07,059 INFO o.a.j.r.d.HtmlTemplateExporter: Will generate dashboard in folder: /Users/adamogorodnik/IdeaProjects/4AT_31/4AT/task18/report
2025-11-06 16:00:07,124 INFO o.a.j.r.d.HtmlTemplateExporter: Report will be generated in: /Users/adamogorodnik/IdeaProjects/4AT_31/4AT/task18/report, creating folder structure
2025-11-06 16:00:07,125 INFO o.a.j.r.d.TemplateVisitor: Copying folder from '/Users/adamogorodnik/Downloads/apache-jmeter-5.6.3/bin/report-template' to '/Users/adamogorodnik/IdeaProjects/4AT_31/4AT/task18/report', got message: /Users/adamogorodnik/IdeaProjects/4AT_31/4AT/task18/report, found non empty folder with following content [/Users/adamogorodnik/IdeaProjects/4AT_31/4AT/task18/report/statistics.json], will be ignored
